=== C216 repository preflight ===
branch = feat/sft-target-loss
execution_head = 8b550a92ab8db94d4a5c8ad7da7dadac1609ad6b
=== C216 authoring syntax preflight ===
python_syntax_preflight = PASS
=== FOLD C216 V5-F learned Reader pilot ===
repository = akakishi04/fold; branch = feat/sft-target-loss; commit = 8b550a92ab8db94d4a5c8ad7da7dadac1609ad6b
changed condition = learned Reader only over oracle-selected scalar memory port
expected_focused_tests = 2185 (2186 loaded -1 exact mutable historical test); Gate_F = NOT_PASSED
source_and_artifact_precheck = PASS; accepted C215 maintenance checkpoint fixed
output_dir = M:\asobiba\fold\runs\c216-v5f-learned-reader-1cbfbdcadf5749bdb99bf94dbc208445
=== focused regression ===
Traceback (most recent call last):
  File "<string>", line 4, in <module>
    names = b.regression_modules(Path.cwd())
  File "M:\asobiba\fold\fold_lm\v05_benchmarks\gate_f_c216_learned_reader.py", line 501, in regression_modules
    names = c215.regression_modules(root)
  File "M:\asobiba\fold\fold_lm\v05_benchmarks\gate_f_c215_h1_h2_chunk_commit.py", line 425, in regression_modules
    names=c214.regression_modules(root)
  File "M:\asobiba\fold\fold_lm\v05_benchmarks\gate_f_c214_memory_capsule_closure.py", line 390, in regression_modules
    names=c213.regression_modules(root)
  File "M:\asobiba\fold\fold_lm\v05_benchmarks\gate_f_c213_memory_operation_contract.py", line 377, in regression_modules
    names=c212.regression_modules(root)
  File "M:\asobiba\fold\fold_lm\v05_benchmarks\gate_e_c212_deciding_holdout_execution.py", line 450, in regression_modules
    names = c211.regression_modules(root)
  File "M:\asobiba\fold\fold_lm\v05_benchmarks\gate_e_c211_deciding_manifest_freeze.py", line 758, in regression_modules
    names=c210.regression_modules(root)
  File "M:\asobiba\fold\fold_lm\v05_benchmarks\gate_e_c210_baseline_development_measurement.py", line 737, in regression_modules
    names=c209.regression_modules(root)
  File "M:\asobiba\fold\fold_lm\v05_benchmarks\gate_e_c209_visible_only_candidate_projection.py", line 379, in regression_modules
    names = c208.regression_modules(root)
  File "M:\asobiba\fold\fold_lm\v05_benchmarks\gate_e_c208_candidate_input_compatibility_preflight.py", line 316, in regression_modules
    names = c207.regression_modules(root)
  File "M:\asobiba\fold\fold_lm\v05_benchmarks\gate_e_c207_nine_family_development_manifest.py", line 639, in regression_modules
    names = c206.regression_modules(root)
  File "M:\asobiba\fold\fold_lm\v05_benchmarks\gate_e_c206_terminal_derived_result_integration.py", line 550, in regression_modules
    names = c205.regression_modules(root)
  File "M:\asobiba\fold\fold_lm\v05_benchmarks\gate_e_c205_phase0_batch_composition_attribution.py", line 354, in regression_modules
    names = c204.regression_modules(root)
  File "M:\asobiba\fold\fold_lm\v05_benchmarks\gate_e_c204_live_v2_mixed_channel_loop.py", line 642, in regression_modules
    names = c203.regression_modules(root)
  File "M:\asobiba\fold\fold_lm\v05_benchmarks\gate_e_c203_mixed_channel_multistep_replay.py", line 548, in regression_modules
    names = parent.regression_modules(root)
  File "M:\asobiba\fold\fold_lm\v05_benchmarks\gate_e_c202_three_channel_acquisition_dispatch.py", line 459, in regression_modules
    names = parent.regression_modules(root)
  File "M:\asobiba\fold\fold_lm\v05_benchmarks\gate_e_c201_selected_fact_channel_route.py", line 436, in regression_modules
    names = parent.regression_modules(root)
  File "M:\asobiba\fold\fold_lm\v05_benchmarks\gate_e_c200_acquisition_channel_input.py", line 347, in regression_modules
    names = parent.regression_modules(root)
  File "M:\asobiba\fold\fold_lm\v05_benchmarks\gate_e_c199_attempt_limit_generic_loop.py", line 587, in regression_modules
    names = parent.regression_modules(root)
  File "M:\asobiba\fold\fold_lm\v05_benchmarks\gate_e_c198_stale_reservation_generic_loop.py", line 533, in regression_modules
    names = parent.regression_modules(root)
  File "M:\asobiba\fold\fold_lm\v05_benchmarks\gate_e_c197_provider_failure_generic_loop.py", line 199, in regression_modules
    names=parent.regression_modules(root)
  File "M:\asobiba\fold\fold_lm\v05_benchmarks\gate_e_c196_result_aware_generic_loop.py", line 333, in regression_modules
    names=parent.regression_modules(root)
  File "M:\asobiba\fold\fold_lm\v05_benchmarks\gate_e_c195_generic_loop_budget12_exhaustion.py", line 269, in regression_modules
    names=parent.regression_modules(root)
  File "M:\asobiba\fold\fold_lm\v05_benchmarks\gate_e_c194_generic_bounded_loop.py", line 258, in regression_modules
    names=parent.regression_modules(root)
  File "M:\asobiba\fold\fold_lm\v05_benchmarks\gate_e_c193_budget13_authoritative_closure.py", line 305, in regression_modules
    names=parent.regression_modules(root)
  File "M:\asobiba\fold\fold_lm\v05_benchmarks\gate_e_c192_post3_shadow_necessity.py", line 190, in regression_modules
    names=parent.regression_modules(root)
  File "M:\asobiba\fold\fold_lm\v05_benchmarks\gate_e_c191_third_acquisition_budget.py", line 312, in regression_modules
    names=parent.regression_modules(root)
  File "M:\asobiba\fold\fold_lm\v05_benchmarks\gate_e_c190_iterative_multimissing_acquisition.py", line 481, in regression_modules
    names=previous.regression_modules(root)
  File "M:\asobiba\fold\fold_lm\v05_benchmarks\gate_e_c189_live_multimissing_target.py", line 479, in regression_modules
    names=previous.regression_modules(root)
  File "M:\asobiba\fold\fold_lm\v05_benchmarks\gate_e_c188_multimissing_target_selection.py", line 441, in regression_modules
    names=previous.regression_modules(root)
  File "M:\asobiba\fold\fold_lm\v05_benchmarks\gate_e_c187_restricted_acquisition.py", line 272, in regression_modules
    names = previous.regression_modules(root)
  File "M:\asobiba\fold\fold_lm\v05_benchmarks\gate_e_c186_nonadmission_reclassification.py", line 266, in regression_modules
    names = previous.regression_modules(root)
  File "M:\asobiba\fold\fold_lm\v05_benchmarks\gate_e_c185_single_missing_acquisition.py", line 374, in regression_modules
    names = previous.regression_modules(root)
  File "M:\asobiba\fold\fold_lm\v05_benchmarks\gate_e_c184_canonical_fact_indices.py", line 207, in regression_modules
    names = previous.regression_modules(root)
  File "M:\asobiba\fold\fold_lm\v05_benchmarks\gate_e_c183_frozen_path_attribution.py", line 195, in regression_modules
    names=prev.regression_modules(root)
  File "M:\asobiba\fold\fold_lm\v05_benchmarks\gate_e_c182_frozen_fact_renaming.py", line 206, in regression_modules
    names = previous.regression_modules(root)
  File "M:\asobiba\fold\fold_lm\v05_benchmarks\gate_e_c181_internal_semantics.py", line 303, in regression_modules
    names = previous.regression_modules(root)
  File "M:\asobiba\fold\fold_lm\v05_benchmarks\gate_e_c180_fact_bypass.py", line 205, in regression_modules
    names = graph.regression_modules(root)
  File "M:\asobiba\fold\fold_lm\v05_benchmarks\gate_e_c179_shared_graph.py", line 242, in regression_modules
    names = old.regression_modules(root)
  File "M:\asobiba\fold\fold_lm\v05_benchmarks\gate_e_c178_visible_leaf_binding.py", line 203, in regression_modules
    text = (Path(root)/'tools/run_c167.ps1').read_text(encoding='utf-8')
  File "C:\Users\akaki\AppData\Local\Python\pythoncore-3.13-64\Lib\pathlib\_local.py", line 546, in read_text
    return PathBase.read_text(self, encoding, errors, newline)
           ~~~~~~~~~~~~~~~~~~^^^^^^^^^^^^^^^^^^^^^^^^^^^^^^^^^
  File "C:\Users\akaki\AppData\Local\Python\pythoncore-3.13-64\Lib\pathlib\_abc.py", line 632, in read_text
    with self.open(mode='r', encoding=encoding, errors=errors, newline=newline) as f:
         ~~~~~~~~~^^^^^^^^^^^^^^^^^^^^^^^^^^^^^^^^^^^^^^^^^^^^^^^^^^^^^^^^^^^^^
  File "C:\Users\akaki\AppData\Local\Python\pythoncore-3.13-64\Lib\pathlib\_local.py", line 537, in open
    return io.open(self, mode, buffering, encoding, errors, newline)
           ~~~~~~~^^^^^^^^^^^^^^^^^^^^^^^^^^^^^^^^^^^^^^^^^^^^^^^^^^
FileNotFoundError: [Errno 2] No such file or directory: 'M:\\asobiba\\fold\\tools\\run_c167.ps1'
=== C216 POSTCHECK ===
protected_inputs = preserved; tracked_tree = clean; execution_HEAD = preserved
run_execution_valid = False
